[2022-03-03T10:32:42.440+0100][gc,heap] Heap region size: 1M
[2022-03-03T10:32:42.448+0100][gc     ] Using G1
[2022-03-03T10:32:42.448+0100][gc,heap,coops] Heap address: 0x00000000c0000000, size: 1024 MB, Compressed Oops mode: 32-bit
[2022-03-03T10:32:45.160+0100][gc,start     ] GC(0) Pause Young (Normal) (G1 Evacuation Pause)
[2022-03-03T10:32:45.160+0100][gc,task      ] GC(0) Using 1 workers of 1 for evacuation
[2022-03-03T10:32:45.192+0100][gc,mmu       ] GC(0) MMU target violated: 21,0ms (20,0ms/21,0ms)
[2022-03-03T10:32:45.192+0100][gc,phases    ] GC(0)   Pre Evacuate Collection Set: 0,0ms
[2022-03-03T10:32:45.192+0100][gc,phases    ] GC(0)   Evacuate Collection Set: 31,6ms
[2022-03-03T10:32:45.192+0100][gc,phases    ] GC(0)   Post Evacuate Collection Set: 0,4ms
[2022-03-03T10:32:45.192+0100][gc,phases    ] GC(0)   Other: 0,1ms
[2022-03-03T10:32:45.192+0100][gc,heap      ] GC(0) Eden regions: 51->0(44)
[2022-03-03T10:32:45.192+0100][gc,heap      ] GC(0) Survivor regions: 0->7(7)
[2022-03-03T10:32:45.192+0100][gc,heap      ] GC(0) Old regions: 0->1
[2022-03-03T10:32:45.192+0100][gc,heap      ] GC(0) Humongous regions: 0->0
[2022-03-03T10:32:45.192+0100][gc,metaspace ] GC(0) Metaspace: 15321K->15321K(1062912K)
[2022-03-03T10:32:45.192+0100][gc           ] GC(0) Pause Young (Normal) (G1 Evacuation Pause) 51M->7M(1024M) 32,138ms
[2022-03-03T10:32:45.192+0100][gc,cpu       ] GC(0) User=0,00s Sys=0,01s Real=0,03s
[2022-03-03T10:32:46.253+0100][gc,start     ] GC(1) Pause Young (Concurrent Start) (Metadata GC Threshold)
[2022-03-03T10:32:46.253+0100][gc,task      ] GC(1) Using 1 workers of 1 for evacuation
[2022-03-03T10:32:46.312+0100][gc,mmu       ] GC(1) MMU target violated: 21,0ms (20,0ms/21,0ms)
[2022-03-03T10:32:46.312+0100][gc,phases    ] GC(1)   Pre Evacuate Collection Set: 0,0ms
[2022-03-03T10:32:46.312+0100][gc,phases    ] GC(1)   Evacuate Collection Set: 57,8ms
[2022-03-03T10:32:46.312+0100][gc,phases    ] GC(1)   Post Evacuate Collection Set: 0,2ms
[2022-03-03T10:32:46.312+0100][gc,phases    ] GC(1)   Other: 0,3ms
[2022-03-03T10:32:46.312+0100][gc,heap      ] GC(1) Eden regions: 22->0(50)
[2022-03-03T10:32:46.312+0100][gc,heap      ] GC(1) Survivor regions: 7->1(7)
[2022-03-03T10:32:46.312+0100][gc,heap      ] GC(1) Old regions: 1->7
[2022-03-03T10:32:46.312+0100][gc,heap      ] GC(1) Humongous regions: 0->0
[2022-03-03T10:32:46.312+0100][gc,metaspace ] GC(1) Metaspace: 20474K->20474K(1067008K)
[2022-03-03T10:32:46.312+0100][gc           ] GC(1) Pause Young (Concurrent Start) (Metadata GC Threshold) 28M->7M(1024M) 58,385ms
[2022-03-03T10:32:46.312+0100][gc,cpu       ] GC(1) User=0,00s Sys=0,05s Real=0,06s
[2022-03-03T10:32:46.312+0100][gc           ] GC(2) Concurrent Cycle
[2022-03-03T10:32:46.312+0100][gc,marking   ] GC(2) Concurrent Clear Claimed Marks
[2022-03-03T10:32:46.312+0100][gc,marking   ] GC(2) Concurrent Clear Claimed Marks 0,030ms
[2022-03-03T10:32:46.312+0100][gc,marking   ] GC(2) Concurrent Scan Root Regions
[2022-03-03T10:32:46.313+0100][gc,marking   ] GC(2) Concurrent Scan Root Regions 0,924ms
[2022-03-03T10:32:46.313+0100][gc,marking   ] GC(2) Concurrent Mark (3,878s)
[2022-03-03T10:32:46.313+0100][gc,marking   ] GC(2) Concurrent Mark From Roots
[2022-03-03T10:32:46.313+0100][gc,task      ] GC(2) Using 1 workers of 1 for marking
[2022-03-03T10:32:46.329+0100][gc,marking   ] GC(2) Concurrent Mark From Roots 16,697ms
[2022-03-03T10:32:46.329+0100][gc,marking   ] GC(2) Concurrent Preclean
[2022-03-03T10:32:46.330+0100][gc,marking   ] GC(2) Concurrent Preclean 0,076ms
[2022-03-03T10:32:46.330+0100][gc,marking   ] GC(2) Concurrent Mark (3,878s, 3,895s) 16,813ms
[2022-03-03T10:32:46.330+0100][gc,start     ] GC(2) Pause Remark
[2022-03-03T10:32:46.332+0100][gc,stringtable] GC(2) Cleaned string and symbol table, strings: 9057 processed, 12 removed, symbols: 50932 processed, 59 removed
[2022-03-03T10:32:46.333+0100][gc            ] GC(2) Pause Remark 8M->8M(1024M) 3,802ms
[2022-03-03T10:32:46.333+0100][gc,cpu        ] GC(2) User=0,00s Sys=0,00s Real=0,01s
[2022-03-03T10:32:46.334+0100][gc,marking    ] GC(2) Concurrent Rebuild Remembered Sets
[2022-03-03T10:32:46.337+0100][gc,marking    ] GC(2) Concurrent Rebuild Remembered Sets 3,415ms
[2022-03-03T10:32:46.337+0100][gc,start      ] GC(2) Pause Cleanup
[2022-03-03T10:32:46.337+0100][gc            ] GC(2) Pause Cleanup 8M->8M(1024M) 0,306ms
[2022-03-03T10:32:46.337+0100][gc,cpu        ] GC(2) User=0,00s Sys=0,00s Real=0,00s
[2022-03-03T10:32:46.337+0100][gc,marking    ] GC(2) Concurrent Cleanup for Next Mark
[2022-03-03T10:32:46.844+0100][gc,marking    ] GC(2) Concurrent Cleanup for Next Mark 506,659ms
[2022-03-03T10:32:46.844+0100][gc            ] GC(2) Concurrent Cycle 532,246ms
[2022-03-03T10:32:49.312+0100][gc,start      ] GC(3) Pause Young (Normal) (G1 Evacuation Pause)
[2022-03-03T10:32:49.312+0100][gc,task       ] GC(3) Using 1 workers of 1 for evacuation
[2022-03-03T10:32:49.355+0100][gc,mmu        ] GC(3) MMU target violated: 21,0ms (20,0ms/21,0ms)
[2022-03-03T10:32:49.355+0100][gc,phases     ] GC(3)   Pre Evacuate Collection Set: 0,0ms
[2022-03-03T10:32:49.355+0100][gc,phases     ] GC(3)   Evacuate Collection Set: 42,2ms
[2022-03-03T10:32:49.355+0100][gc,phases     ] GC(3)   Post Evacuate Collection Set: 0,2ms
[2022-03-03T10:32:49.355+0100][gc,phases     ] GC(3)   Other: 0,1ms
[2022-03-03T10:32:49.355+0100][gc,heap       ] GC(3) Eden regions: 50->0(47)
[2022-03-03T10:32:49.355+0100][gc,heap       ] GC(3) Survivor regions: 1->4(7)
[2022-03-03T10:32:49.355+0100][gc,heap       ] GC(3) Old regions: 7->7
[2022-03-03T10:32:49.355+0100][gc,heap       ] GC(3) Humongous regions: 129->129
[2022-03-03T10:32:49.355+0100][gc,metaspace  ] GC(3) Metaspace: 29288K->29288K(1075200K)
[2022-03-03T10:32:49.355+0100][gc            ] GC(3) Pause Young (Normal) (G1 Evacuation Pause) 186M->139M(1024M) 42,552ms
[2022-03-03T10:32:49.355+0100][gc,cpu        ] GC(3) User=0,00s Sys=0,01s Real=0,04s
[2022-03-03T10:32:50.789+0100][gc,start      ] GC(4) Pause Young (Concurrent Start) (Metadata GC Threshold)
[2022-03-03T10:32:50.789+0100][gc,task       ] GC(4) Using 1 workers of 1 for evacuation
[2022-03-03T10:32:50.809+0100][gc,phases     ] GC(4)   Pre Evacuate Collection Set: 0,1ms
[2022-03-03T10:32:50.809+0100][gc,phases     ] GC(4)   Evacuate Collection Set: 19,5ms
[2022-03-03T10:32:50.809+0100][gc,phases     ] GC(4)   Post Evacuate Collection Set: 0,2ms
[2022-03-03T10:32:50.809+0100][gc,phases     ] GC(4)   Other: 0,2ms
[2022-03-03T10:32:50.809+0100][gc,heap       ] GC(4) Eden regions: 24->0(45)
[2022-03-03T10:32:50.809+0100][gc,heap       ] GC(4) Survivor regions: 4->6(7)
[2022-03-03T10:32:50.809+0100][gc,heap       ] GC(4) Old regions: 7->8
[2022-03-03T10:32:50.809+0100][gc,heap       ] GC(4) Humongous regions: 129->129
[2022-03-03T10:32:50.809+0100][gc,metaspace  ] GC(4) Metaspace: 34261K->34261K(1081344K)
[2022-03-03T10:32:50.809+0100][gc            ] GC(4) Pause Young (Concurrent Start) (Metadata GC Threshold) 163M->142M(1024M) 20,043ms
[2022-03-03T10:32:50.809+0100][gc,cpu        ] GC(4) User=0,00s Sys=0,02s Real=0,02s
[2022-03-03T10:32:50.810+0100][gc            ] GC(5) Concurrent Cycle
[2022-03-03T10:32:50.810+0100][gc,marking    ] GC(5) Concurrent Clear Claimed Marks
[2022-03-03T10:32:50.810+0100][gc,marking    ] GC(5) Concurrent Clear Claimed Marks 0,071ms
[2022-03-03T10:32:50.810+0100][gc,marking    ] GC(5) Concurrent Scan Root Regions
[2022-03-03T10:32:50.819+0100][gc,marking    ] GC(5) Concurrent Scan Root Regions 9,120ms
[2022-03-03T10:32:50.819+0100][gc,marking    ] GC(5) Concurrent Mark (8,384s)
[2022-03-03T10:32:50.819+0100][gc,marking    ] GC(5) Concurrent Mark From Roots
[2022-03-03T10:32:50.819+0100][gc,task       ] GC(5) Using 1 workers of 1 for marking
[2022-03-03T10:32:50.850+0100][gc,marking    ] GC(5) Concurrent Mark From Roots 31,335ms
[2022-03-03T10:32:50.850+0100][gc,marking    ] GC(5) Concurrent Preclean
[2022-03-03T10:32:50.850+0100][gc,marking    ] GC(5) Concurrent Preclean 0,039ms
[2022-03-03T10:32:50.850+0100][gc,marking    ] GC(5) Concurrent Mark (8,384s, 8,416s) 31,412ms
[2022-03-03T10:32:50.883+0100][gc,start      ] GC(5) Pause Remark
[2022-03-03T10:32:50.888+0100][gc,stringtable] GC(5) Cleaned string and symbol table, strings: 14419 processed, 0 removed, symbols: 83212 processed, 17 removed
[2022-03-03T10:32:50.907+0100][gc,mmu        ] GC(5) MMU target violated: 21,0ms (20,0ms/21,0ms)
[2022-03-03T10:32:50.907+0100][gc            ] GC(5) Pause Remark 143M->143M(1024M) 24,040ms
[2022-03-03T10:32:50.907+0100][gc,cpu        ] GC(5) User=0,00s Sys=0,01s Real=0,02s
[2022-03-03T10:32:50.908+0100][gc,marking    ] GC(5) Concurrent Rebuild Remembered Sets
[2022-03-03T10:32:50.952+0100][gc,marking    ] GC(5) Concurrent Rebuild Remembered Sets 44,445ms
[2022-03-03T10:32:50.969+0100][gc,start      ] GC(5) Pause Cleanup
[2022-03-03T10:32:50.969+0100][gc            ] GC(5) Pause Cleanup 143M->143M(1024M) 0,224ms
[2022-03-03T10:32:50.969+0100][gc,cpu        ] GC(5) User=0,00s Sys=0,00s Real=0,00s
[2022-03-03T10:32:50.969+0100][gc,marking    ] GC(5) Concurrent Cleanup for Next Mark
[2022-03-03T10:32:51.860+0100][gc,marking    ] GC(5) Concurrent Cleanup for Next Mark 891,604ms
[2022-03-03T10:32:51.860+0100][gc            ] GC(5) Concurrent Cycle 1050,925ms
[2022-03-03T10:43:20.175+0100][gc,start      ] GC(6) Pause Young (Normal) (G1 Evacuation Pause)
[2022-03-03T10:43:20.175+0100][gc,task       ] GC(6) Using 1 workers of 1 for evacuation
[2022-03-03T10:43:20.257+0100][gc,mmu        ] GC(6) MMU target violated: 21,0ms (20,0ms/21,0ms)
[2022-03-03T10:43:20.257+0100][gc,phases     ] GC(6)   Pre Evacuate Collection Set: 0,0ms
[2022-03-03T10:43:20.257+0100][gc,phases     ] GC(6)   Evacuate Collection Set: 81,0ms
[2022-03-03T10:43:20.257+0100][gc,phases     ] GC(6)   Post Evacuate Collection Set: 0,5ms
[2022-03-03T10:43:20.257+0100][gc,phases     ] GC(6)   Other: 0,2ms
[2022-03-03T10:43:20.257+0100][gc,heap       ] GC(6) Eden regions: 45->0(47)
[2022-03-03T10:43:20.257+0100][gc,heap       ] GC(6) Survivor regions: 6->4(7)
[2022-03-03T10:43:20.257+0100][gc,heap       ] GC(6) Old regions: 8->11
[2022-03-03T10:43:20.257+0100][gc,heap       ] GC(6) Humongous regions: 129->129
[2022-03-03T10:43:20.257+0100][gc,metaspace  ] GC(6) Metaspace: 40992K->40992K(1085440K)
[2022-03-03T10:43:20.257+0100][gc            ] GC(6) Pause Young (Normal) (G1 Evacuation Pause) 187M->144M(1024M) 81,958ms
[2022-03-03T10:43:20.257+0100][gc,cpu        ] GC(6) User=0,00s Sys=0,04s Real=0,08s
[2022-03-03T10:52:19.493+0100][gc,start      ] GC(7) Pause Young (Normal) (G1 Evacuation Pause)
[2022-03-03T10:52:19.493+0100][gc,task       ] GC(7) Using 1 workers of 1 for evacuation
[2022-03-03T10:52:19.508+0100][gc,phases     ] GC(7)   Pre Evacuate Collection Set: 0,0ms
[2022-03-03T10:52:19.508+0100][gc,phases     ] GC(7)   Evacuate Collection Set: 14,4ms
[2022-03-03T10:52:19.508+0100][gc,phases     ] GC(7)   Post Evacuate Collection Set: 0,3ms
[2022-03-03T10:52:19.508+0100][gc,phases     ] GC(7)   Other: 0,1ms
[2022-03-03T10:52:19.508+0100][gc,heap       ] GC(7) Eden regions: 47->0(46)
[2022-03-03T10:52:19.508+0100][gc,heap       ] GC(7) Survivor regions: 4->5(7)
[2022-03-03T10:52:19.508+0100][gc,heap       ] GC(7) Old regions: 11->13
[2022-03-03T10:52:19.508+0100][gc,heap       ] GC(7) Humongous regions: 129->129
[2022-03-03T10:52:19.508+0100][gc,metaspace  ] GC(7) Metaspace: 44140K->44140K(1089536K)
[2022-03-03T10:52:19.508+0100][gc            ] GC(7) Pause Young (Normal) (G1 Evacuation Pause) 191M->146M(1024M) 14,898ms
[2022-03-03T10:52:19.508+0100][gc,cpu        ] GC(7) User=0,01s Sys=0,00s Real=0,01s
[2022-03-03T11:00:48.113+0100][gc,start      ] GC(8) Pause Young (Normal) (G1 Evacuation Pause)
[2022-03-03T11:00:48.113+0100][gc,task       ] GC(8) Using 1 workers of 1 for evacuation
[2022-03-03T11:00:48.126+0100][gc,phases     ] GC(8)   Pre Evacuate Collection Set: 0,0ms
[2022-03-03T11:00:48.126+0100][gc,phases     ] GC(8)   Evacuate Collection Set: 13,1ms
[2022-03-03T11:00:48.126+0100][gc,phases     ] GC(8)   Post Evacuate Collection Set: 0,3ms
[2022-03-03T11:00:48.126+0100][gc,phases     ] GC(8)   Other: 0,1ms
[2022-03-03T11:00:48.126+0100][gc,heap       ] GC(8) Eden regions: 46->0(48)
[2022-03-03T11:00:48.126+0100][gc,heap       ] GC(8) Survivor regions: 5->3(7)
[2022-03-03T11:00:48.126+0100][gc,heap       ] GC(8) Old regions: 13->15
[2022-03-03T11:00:48.126+0100][gc,heap       ] GC(8) Humongous regions: 129->129
[2022-03-03T11:00:48.126+0100][gc,metaspace  ] GC(8) Metaspace: 44941K->44941K(1089536K)
[2022-03-03T11:00:48.126+0100][gc            ] GC(8) Pause Young (Normal) (G1 Evacuation Pause) 192M->147M(1024M) 13,588ms
[2022-03-03T11:00:48.127+0100][gc,cpu        ] GC(8) User=0,01s Sys=0,00s Real=0,00s
[2022-03-03T11:09:18.155+0100][gc,start      ] GC(9) Pause Young (Normal) (G1 Evacuation Pause)
[2022-03-03T11:09:18.155+0100][gc,task       ] GC(9) Using 1 workers of 1 for evacuation
[2022-03-03T11:09:18.168+0100][gc,phases     ] GC(9)   Pre Evacuate Collection Set: 0,0ms
[2022-03-03T11:09:18.168+0100][gc,phases     ] GC(9)   Evacuate Collection Set: 12,6ms
[2022-03-03T11:09:18.168+0100][gc,phases     ] GC(9)   Post Evacuate Collection Set: 0,3ms
[2022-03-03T11:09:18.168+0100][gc,phases     ] GC(9)   Other: 0,2ms
[2022-03-03T11:09:18.168+0100][gc,heap       ] GC(9) Eden regions: 48->0(47)
[2022-03-03T11:09:18.168+0100][gc,heap       ] GC(9) Survivor regions: 3->4(7)
[2022-03-03T11:09:18.168+0100][gc,heap       ] GC(9) Old regions: 15->15
[2022-03-03T11:09:18.168+0100][gc,heap       ] GC(9) Humongous regions: 129->129
[2022-03-03T11:09:18.168+0100][gc,metaspace  ] GC(9) Metaspace: 45065K->45065K(1089536K)
[2022-03-03T11:09:18.168+0100][gc            ] GC(9) Pause Young (Normal) (G1 Evacuation Pause) 195M->147M(1024M) 13,180ms
[2022-03-03T11:09:18.168+0100][gc,cpu        ] GC(9) User=0,02s Sys=0,00s Real=0,01s
[2022-03-03T11:25:32.104+0100][gc,start      ] GC(10) Pause Young (Normal) (G1 Evacuation Pause)
[2022-03-03T11:25:32.104+0100][gc,task       ] GC(10) Using 1 workers of 1 for evacuation
[2022-03-03T11:25:32.116+0100][gc,phases     ] GC(10)   Pre Evacuate Collection Set: 0,0ms
[2022-03-03T11:25:32.116+0100][gc,phases     ] GC(10)   Evacuate Collection Set: 11,3ms
[2022-03-03T11:25:32.116+0100][gc,phases     ] GC(10)   Post Evacuate Collection Set: 0,3ms
[2022-03-03T11:25:32.116+0100][gc,phases     ] GC(10)   Other: 0,2ms
[2022-03-03T11:25:32.116+0100][gc,heap       ] GC(10) Eden regions: 47->0(47)
[2022-03-03T11:25:32.116+0100][gc,heap       ] GC(10) Survivor regions: 4->4(7)
[2022-03-03T11:25:32.116+0100][gc,heap       ] GC(10) Old regions: 15->15
[2022-03-03T11:25:32.116+0100][gc,heap       ] GC(10) Humongous regions: 129->129
[2022-03-03T11:25:32.116+0100][gc,metaspace  ] GC(10) Metaspace: 45172K->45172K(1089536K)
[2022-03-03T11:25:32.116+0100][gc            ] GC(10) Pause Young (Normal) (G1 Evacuation Pause) 194M->147M(1024M) 11,820ms
[2022-03-03T11:25:32.116+0100][gc,cpu        ] GC(10) User=0,00s Sys=0,01s Real=0,00s
[2022-03-03T11:41:01.078+0100][gc,start      ] GC(11) Pause Young (Normal) (G1 Evacuation Pause)
[2022-03-03T11:41:01.078+0100][gc,task       ] GC(11) Using 1 workers of 1 for evacuation
[2022-03-03T11:41:01.088+0100][gc,phases     ] GC(11)   Pre Evacuate Collection Set: 0,0ms
[2022-03-03T11:41:01.088+0100][gc,phases     ] GC(11)   Evacuate Collection Set: 9,6ms
[2022-03-03T11:41:01.088+0100][gc,phases     ] GC(11)   Post Evacuate Collection Set: 0,3ms
[2022-03-03T11:41:01.088+0100][gc,phases     ] GC(11)   Other: 0,1ms
[2022-03-03T11:41:01.088+0100][gc,heap       ] GC(11) Eden regions: 47->0(47)
[2022-03-03T11:41:01.088+0100][gc,heap       ] GC(11) Survivor regions: 4->4(7)
[2022-03-03T11:41:01.088+0100][gc,heap       ] GC(11) Old regions: 15->15
[2022-03-03T11:41:01.088+0100][gc,heap       ] GC(11) Humongous regions: 129->129
[2022-03-03T11:41:01.088+0100][gc,metaspace  ] GC(11) Metaspace: 45238K->45238K(1089536K)
[2022-03-03T11:41:01.088+0100][gc            ] GC(11) Pause Young (Normal) (G1 Evacuation Pause) 194M->147M(1024M) 10,073ms
[2022-03-03T11:41:01.088+0100][gc,cpu        ] GC(11) User=0,02s Sys=0,00s Real=0,01s
[2022-03-03T11:56:52.218+0100][gc,start      ] GC(12) Pause Young (Normal) (G1 Evacuation Pause)
[2022-03-03T11:56:52.218+0100][gc,task       ] GC(12) Using 1 workers of 1 for evacuation
[2022-03-03T11:56:52.231+0100][gc,phases     ] GC(12)   Pre Evacuate Collection Set: 0,0ms
[2022-03-03T11:56:52.231+0100][gc,phases     ] GC(12)   Evacuate Collection Set: 12,3ms
[2022-03-03T11:56:52.231+0100][gc,phases     ] GC(12)   Post Evacuate Collection Set: 0,3ms
[2022-03-03T11:56:52.231+0100][gc,phases     ] GC(12)   Other: 0,2ms
[2022-03-03T11:56:52.231+0100][gc,heap       ] GC(12) Eden regions: 47->0(47)
[2022-03-03T11:56:52.231+0100][gc,heap       ] GC(12) Survivor regions: 4->4(7)
[2022-03-03T11:56:52.231+0100][gc,heap       ] GC(12) Old regions: 15->15
[2022-03-03T11:56:52.231+0100][gc,heap       ] GC(12) Humongous regions: 129->129
[2022-03-03T11:56:52.231+0100][gc,metaspace  ] GC(12) Metaspace: 45396K->45396K(1089536K)
[2022-03-03T11:56:52.231+0100][gc            ] GC(12) Pause Young (Normal) (G1 Evacuation Pause) 194M->147M(1024M) 12,913ms
[2022-03-03T11:56:52.231+0100][gc,cpu        ] GC(12) User=0,01s Sys=0,00s Real=0,01s
